[1/533] Linking CXX executable tests/test_extension_integration
FAILED: [code=1] tests/test_extension_integration 
: && /usr/bin/c++ -pthread -g -arch arm64 -Wl,-search_paths_first -Wl,-headerpad_max_install_names tests/CMakeFiles/test_extension_integration.dir/unit/test_extension_integration.cpp.o -o tests/test_extension_integration -L/Users/ryanrentfro/code/markamp/build/debug/vcpkg_installed/arm64-osx/debug/lib -Wl,-rpath,/Users/ryanrentfro/code/markamp/build/debug/vcpkg_installed/arm64-osx/debug/lib  vcpkg_installed/arm64-osx/debug/lib/manual-link/libCatch2Maind.a  tests/libmarkamp_core.a  vcpkg_installed/arm64-osx/debug/lib/libCatch2d.a  -L/Users/ryanrentfro/code/markamp/build/debug/vcpkg_installed/arm64-osx/debug/lib  -pthread  vcpkg_installed/arm64-osx/debug/lib/libwx_osx_cocoau_aui-3.2.a  vcpkg_installed/arm64-osx/debug/lib/libwx_osx_cocoau_stc-3.2.a  vcpkg_installed/arm64-osx/debug/lib/libwx_osx_cocoau_html-3.2.a  vcpkg_installed/arm64-osx/debug/lib/libwx_osx_cocoau_core-3.2.a  vcpkg_installed/arm64-osx/debug/lib/libwx_baseu_xml-3.2.a  vcpkg_installed/arm64-osx/debug/lib/libwx_baseu-3.2.a  -lwxscintilla-3.2  -lwx_osx_cocoau_core-3.2  vcpkg_installed/arm64-osx/debug/lib/libjpeg.a  vcpkg_installed/arm64-osx/debug/lib/libpng16d.a  vcpkg_installed/arm64-osx/debug/lib/libz.a  vcpkg_installed/arm64-osx/debug/lib/libtiffd.a  vcpkg_installed/arm64-osx/debug/lib/liblzma.a  -lm  vcpkg_installed/arm64-osx/debug/lib/libnanosvg.a  vcpkg_installed/arm64-osx/debug/lib/libnanosvgrast.a  -framework AudioToolbox  -lwx_baseu-3.2  vcpkg_installed/arm64-osx/debug/lib/libexpat.a  vcpkg_installed/arm64-osx/debug/lib/libpcre2-32.a  /Applications/Xcode.app/Contents/Developer/Platforms/MacOSX.platform/Developer/SDKs/MacOSX.sdk/usr/lib/libiconv.tbd  -framework CoreFoundation  -framework Security  -framework Carbon  -framework Cocoa  -framework IOKit  -framework QuartzCore  vcpkg_installed/arm64-osx/debug/lib/libnanosvgrast.a  vcpkg_installed/arm64-osx/debug/lib/libnanosvg.a  /Applications/Xcode.app/Contents/Developer/Platforms/MacOSX.platform/Developer/SDKs/MacOSX.sdk/usr/lib/libm.tbd  vcpkg_installed/arm64-osx/debug/lib/libmd4c.a  vcpkg_installed/arm64-osx/debug/lib/libspdlogd.a  vcpkg_installed/arm64-osx/debug/lib/libfmtd.a  vcpkg_installed/arm64-osx/debug/lib/libyaml-cppd.a  vcpkg_installed/arm64-osx/debug/lib/libzip.a  vcpkg_installed/arm64-osx/debug/lib/libbz2d.a  vcpkg_installed/arm64-osx/debug/lib/libz.a  vcpkg_installed/arm64-osx/debug/lib/libbrotlienc.a  vcpkg_installed/arm64-osx/debug/lib/libbrotlidec.a  vcpkg_installed/arm64-osx/debug/lib/libbrotlicommon.a  vcpkg_installed/arm64-osx/debug/lib/libssl.a  vcpkg_installed/arm64-osx/debug/lib/libcrypto.a  -ldl  vcpkg_installed/arm64-osx/debug/lib/libsqlite3.a  -lm && :
ld: warning: ignoring duplicate libraries: '-lm', 'vcpkg_installed/arm64-osx/debug/lib/libnanosvg.a', 'vcpkg_installed/arm64-osx/debug/lib/libnanosvgrast.a', 'vcpkg_installed/arm64-osx/debug/lib/libz.a'
ld: Undefined symbols:
  markamp::ui::PanelContainer::RegisterActionToolbar(std::__1::basic_string<char, std::__1::char_traits<char>, std::__1::allocator<char>> const&, wxWindow*), referenced from:
      markamp::ui::OutputPanel::CreateLayout(wxWindow*) in libmarkamp_core.a[94](OutputPanel.cpp.o)
      markamp::ui::ProblemsPanel::CreateLayout(wxWindow*) in libmarkamp_core.a[95](ProblemsPanel.cpp.o)
  typeinfo for markamp::ui::PanelContainer, referenced from:
      markamp::ui::OutputPanel::CreateLayout(wxWindow*) in libmarkamp_core.a[94](OutputPanel.cpp.o)
      markamp::ui::ProblemsPanel::CreateLayout(wxWindow*) in libmarkamp_core.a[95](ProblemsPanel.cpp.o)
clang: error: linker command failed with exit code 1 (use -v to see invocation)
[2/533] Linking CXX executable tests/test_phases_4_6
ld: warning: ignoring duplicate libraries: '-lm', 'vcpkg_installed/arm64-osx/debug/lib/libnanosvg.a', 'vcpkg_installed/arm64-osx/debug/lib/libnanosvgrast.a', 'vcpkg_installed/arm64-osx/debug/lib/libz.a'
[3/533] Linking CXX executable tests/test_block_model
ld: warning: ignoring duplicate libraries: '-lm', 'vcpkg_installed/arm64-osx/debug/lib/libnanosvg.a', 'vcpkg_installed/arm64-osx/debug/lib/libnanosvgrast.a', 'vcpkg_installed/arm64-osx/debug/lib/libz.a'
[4/533] Linking CXX executable tests/test_block_id
ld: warning: ignoring duplicate libraries: '-lm', 'vcpkg_installed/arm64-osx/debug/lib/libnanosvg.a', 'vcpkg_installed/arm64-osx/debug/lib/libnanosvgrast.a', 'vcpkg_installed/arm64-osx/debug/lib/libz.a'
[5/533] Linking CXX executable tests/test_notebook
ld: warning: ignoring duplicate libraries: '-lm', 'vcpkg_installed/arm64-osx/debug/lib/libnanosvg.a', 'vcpkg_installed/arm64-osx/debug/lib/libnanosvgrast.a', 'vcpkg_installed/arm64-osx/debug/lib/libz.a'
[6/533] Linking CXX executable tests/test_panel_data_flow
ld: warning: ignoring duplicate libraries: '-lm', 'vcpkg_installed/arm64-osx/debug/lib/libnanosvg.a', 'vcpkg_installed/arm64-osx/debug/lib/libnanosvgrast.a', 'vcpkg_installed/arm64-osx/debug/lib/libz.a'
[7/533] Linking CXX executable tests/test_phase20_perf
ld: warning: ignoring duplicate libraries: '-lm', 'vcpkg_installed/arm64-osx/debug/lib/libnanosvg.a', 'vcpkg_installed/arm64-osx/debug/lib/libnanosvgrast.a', 'vcpkg_installed/arm64-osx/debug/lib/libz.a'
[8/533] Building CXX object src/CMakeFiles/markamp.dir/ui/LayoutManager.cpp.o
ninja: build stopped: subcommand failed.
